SyntaxError: Expected LPAREN, got NUMBER ('0.0') at line 7, col 11
